// Jest Snapshot v1, https://goo.gl/fbAQLP

exports[`check for form output 1`] = `
"<form method=\\"post\\" action=http://google.com>
  <input type=\\"hidden\\" name=a value=1>
  <input type=\\"hidden\\" name=b value=2>
  <input type=\\"submit\\" />
</form>"
`;
